// Jest Snapshot v1, https://goo.gl/fbAQLP

exports[`Footer component should render the footer 1`] = `
<footer
  className="footer"
>
  <div
    className="container"
  >
    <div
      className="row"
    >
      <div
        className="col"
      >
        <p
          className="text-center"
        >
          Copyright. All right reserve. More Recipe.
        </p>
      </div>
    </div>
  </div>
</footer>
`;
