// Jest Snapshot v1, https://goo.gl/fbAQLP

exports[`My Recipe component should render MyRecipesRecipes form when props is given 1`] = `
<div>
  <section
    className="section text-center text-lg-left container"
  >
    <nav
      className="row justify-content-center"
    >
      <PaginationBoxView
        activeClassName="active"
        breakClassName="break-me"
        breakLabel={
          <a>
            ...
          </a>
        }
        containerClassName="pagination"
        disableInitialCallback={false}
        disabledClassName="disabled"
        marginPagesDisplayed={2}
        nextClassName="next"
        nextLabel="next"
        nextLinkClassName="page-link"
        onPageChange={[MockFunction]}
        pageClassName="page-item"
        pageCount={1}
        pageLinkClassName="page-link"
        pageRangeDisplayed={5}
        previousClassName="previous"
        previousLabel="previous"
        previousLinkClassName="page-link"
        subContainerClassName="pages pagination"
      />
    </nav>
    <div
      key="3"
    >
      <div
        className="row"
      >
        <div
          className="col-lg-4 mb-4"
        >
          <div
            className="view overlay hm-white-slight z-depth-1"
          >
            <img
              alt=""
              className="profileImage"
              src="image"
            />
            <a>
              <div
                className="mask"
              />
            </a>
          </div>
        </div>
        <div
          className="col-lg-7 tab-recipe"
        >
          <h4
            className=""
          >
            <Link
              replace={false}
              to="recipes/3"
            >
              <strong>
                title
              </strong>
            </Link>
          </h4>
          <p>
            description ...
          </p>
          <p>
            by
            <a>
              <strong>
                 
                username
              </strong>
            </a>
            , 
            Invalid date
            <span
              className="btn btn-outline-info mx-1"
              id="editRecipe"
            >
              <Link
                className=""
                replace={false}
                to="/recipe/edit/3"
              >
                <i
                  aria-hidden="true"
                  className="fa fa-pencil"
                />
              </Link>
            </span>
            <a
              className="btn btn-outline-info mx-1"
              data-target="#deleteButton"
              data-toggle="modal"
              id="deleteRecipe"
            >
              <i
                aria-hidden="true"
                className="fa fa-trash"
              />
            </a>
          </p>
          <div
            aria-hidden="true"
            aria-labelledby="exampleModalCenterTitle"
            className="modal fade"
            id="deleteButton"
            role="dialog"
            tabIndex="-1"
          >
            <div
              className="modal-dialog modal-dialog-centered"
              role="document"
            >
              <div
                className="modal-content"
              >
                <div
                  className="modal-header"
                >
                  <h5
                    className="modal-title"
                    id="exampleModalLongTitle"
                  >
                    Delete Recipe
                  </h5>
                  <button
                    aria-label="Close"
                    className="close"
                    data-dismiss="modal"
                    type="button"
                  >
                    <span
                      aria-hidden="true"
                    >
                      Ã—
                    </span>
                  </button>
                </div>
                <div
                  className="modal-body"
                >
                  <p>
                    Are you sure you want to delete this recipe?
                  </p>
                </div>
                <div
                  className="modal-footer"
                >
                  <button
                    className="btn btn-secondary"
                    data-dismiss="modal"
                    type="button"
                  >
                    No
                  </button>
                  <button
                    className="btn btn-primary yesDelete"
                    id={3}
                    onClick={[MockFunction]}
                    type="button"
                  >
                    Yes
                  </button>
                </div>
              </div>
            </div>
          </div>
        </div>
      </div>
      <hr />
    </div>
    <p>
      <Link
        replace={false}
        to="/postRecipe"
      >
        Click here
      </Link>
       to add a new recipe
    </p>
  </section>
</div>
`;
